../Drivers/BSP/STM32F769I-Discovery/stm32f769i_discovery_lcd.c:251:9:BSP_LCD_Init	8	static
../Drivers/BSP/STM32F769I-Discovery/stm32f769i_discovery_lcd.c:266:9:BSP_LCD_InitEx	72	static
../Drivers/BSP/STM32F769I-Discovery/stm32f769i_discovery_lcd.c:661:6:BSP_LCD_Reset	32	static
../Drivers/BSP/STM32F769I-Discovery/stm32f769i_discovery_lcd.c:691:10:BSP_LCD_GetXSize	4	static
../Drivers/BSP/STM32F769I-Discovery/stm32f769i_discovery_lcd.c:700:10:BSP_LCD_GetYSize	4	static
../Drivers/BSP/STM32F769I-Discovery/stm32f769i_discovery_lcd.c:710:6:BSP_LCD_SetXSize	16	static
../Drivers/BSP/STM32F769I-Discovery/stm32f769i_discovery_lcd.c:719:6:BSP_LCD_SetYSize	16	static
../Drivers/BSP/STM32F769I-Discovery/stm32f769i_discovery_lcd.c:731:6:BSP_LCD_LayerDefaultInit	72	static
../Drivers/BSP/STM32F769I-Discovery/stm32f769i_discovery_lcd.c:764:6:BSP_LCD_SelectLayer	16	static
../Drivers/BSP/STM32F769I-Discovery/stm32f769i_discovery_lcd.c:777:6:BSP_LCD_SetLayerVisible	16	static
../Drivers/BSP/STM32F769I-Discovery/stm32f769i_discovery_lcd.c:797:6:BSP_LCD_SetTransparency	16	static
../Drivers/BSP/STM32F769I-Discovery/stm32f769i_discovery_lcd.c:809:6:BSP_LCD_SetLayerAddress	16	static
../Drivers/BSP/STM32F769I-Discovery/stm32f769i_discovery_lcd.c:824:6:BSP_LCD_SetLayerWindow	24	static
../Drivers/BSP/STM32F769I-Discovery/stm32f769i_discovery_lcd.c:839:6:BSP_LCD_SetColorKeying	16	static
../Drivers/BSP/STM32F769I-Discovery/stm32f769i_discovery_lcd.c:850:6:BSP_LCD_ResetColorKeying	16	static
../Drivers/BSP/STM32F769I-Discovery/stm32f769i_discovery_lcd.c:860:6:BSP_LCD_SetTextColor	16	static
../Drivers/BSP/STM32F769I-Discovery/stm32f769i_discovery_lcd.c:869:10:BSP_LCD_GetTextColor	4	static
../Drivers/BSP/STM32F769I-Discovery/stm32f769i_discovery_lcd.c:878:6:BSP_LCD_SetBackColor	16	static
../Drivers/BSP/STM32F769I-Discovery/stm32f769i_discovery_lcd.c:887:10:BSP_LCD_GetBackColor	4	static
../Drivers/BSP/STM32F769I-Discovery/stm32f769i_discovery_lcd.c:896:6:BSP_LCD_SetFont	16	static
../Drivers/BSP/STM32F769I-Discovery/stm32f769i_discovery_lcd.c:905:8:BSP_LCD_GetFont	4	static
../Drivers/BSP/STM32F769I-Discovery/stm32f769i_discovery_lcd.c:916:10:BSP_LCD_ReadPixel	32	static
../Drivers/BSP/STM32F769I-Discovery/stm32f769i_discovery_lcd.c:950:6:BSP_LCD_Clear	40	static
../Drivers/BSP/STM32F769I-Discovery/stm32f769i_discovery_lcd.c:960:6:BSP_LCD_ClearStringLine	32	static
../Drivers/BSP/STM32F769I-Discovery/stm32f769i_discovery_lcd.c:979:6:BSP_LCD_DisplayChar	24	static
../Drivers/BSP/STM32F769I-Discovery/stm32f769i_discovery_lcd.c:996:6:BSP_LCD_DisplayStringAt	48	static
../Drivers/BSP/STM32F769I-Discovery/stm32f769i_discovery_lcd.c:1058:6:BSP_LCD_DisplayStringAtLine	16	static
../Drivers/BSP/STM32F769I-Discovery/stm32f769i_discovery_lcd.c:1069:6:BSP_LCD_DrawHLine	40	static
../Drivers/BSP/STM32F769I-Discovery/stm32f769i_discovery_lcd.c:1086:6:BSP_LCD_DrawVLine	48	static
../Drivers/BSP/STM32F769I-Discovery/stm32f769i_discovery_lcd.c:1104:6:BSP_LCD_DrawLine	56	static
../Drivers/BSP/STM32F769I-Discovery/stm32f769i_discovery_lcd.c:1178:6:BSP_LCD_DrawRect	24	static
../Drivers/BSP/STM32F769I-Discovery/stm32f769i_discovery_lcd.c:1195:6:BSP_LCD_DrawCircle	40	static
../Drivers/BSP/STM32F769I-Discovery/stm32f769i_discovery_lcd.c:1241:6:BSP_LCD_DrawPolygon	32	static
../Drivers/BSP/STM32F769I-Discovery/stm32f769i_discovery_lcd.c:1268:6:BSP_LCD_DrawEllipse	64	static
../Drivers/BSP/STM32F769I-Discovery/stm32f769i_discovery_lcd.c:1300:6:BSP_LCD_DrawBitmap	56	static
../Drivers/BSP/STM32F769I-Discovery/stm32f769i_discovery_lcd.c:1357:6:BSP_LCD_FillRect	48	static
../Drivers/BSP/STM32F769I-Discovery/stm32f769i_discovery_lcd.c:1377:6:BSP_LCD_FillCircle	32	static
../Drivers/BSP/STM32F769I-Discovery/stm32f769i_discovery_lcd.c:1424:6:BSP_LCD_FillPolygon	64	static
../Drivers/BSP/STM32F769I-Discovery/stm32f769i_discovery_lcd.c:1491:6:BSP_LCD_FillEllipse	56	static
../Drivers/BSP/STM32F769I-Discovery/stm32f769i_discovery_lcd.c:1521:6:BSP_LCD_DisplayOn	16	static
../Drivers/BSP/STM32F769I-Discovery/stm32f769i_discovery_lcd.c:1544:6:BSP_LCD_DisplayOff	16	static
../Drivers/BSP/STM32F769I-Discovery/stm32f769i_discovery_lcd.c:1567:6:BSP_LCD_SetBrightness	24	static
../Drivers/BSP/STM32F769I-Discovery/stm32f769i_discovery_lcd.c:1592:6:DSI_IO_WriteCmd	24	static
../Drivers/BSP/STM32F769I-Discovery/stm32f769i_discovery_lcd.c:1609:17:LCD_IO_GetID	4	static
../Drivers/BSP/STM32F769I-Discovery/stm32f769i_discovery_lcd.c:1641:13:BSP_LCD_MspDeInit	8	static
../Drivers/BSP/STM32F769I-Discovery/stm32f769i_discovery_lcd.c:1667:13:BSP_LCD_MspInit	24	static
../Drivers/BSP/STM32F769I-Discovery/stm32f769i_discovery_lcd.c:1709:6:BSP_LCD_DrawPixel	24	static
../Drivers/BSP/STM32F769I-Discovery/stm32f769i_discovery_lcd.c:1722:13:DrawChar	40	static
../Drivers/BSP/STM32F769I-Discovery/stm32f769i_discovery_lcd.c:1780:13:FillTriangle	56	static
../Drivers/BSP/STM32F769I-Discovery/stm32f769i_discovery_lcd.c:1857:13:LL_FillBuffer	32	static
../Drivers/BSP/STM32F769I-Discovery/stm32f769i_discovery_lcd.c:1887:13:LL_ConvertLineToARGB8888	32	static
