../Core/Src/main.c:189:6:DrawButton	48	static
../Core/Src/main.c:237:6:StartTouchTask	40	static
../Core/Src/main.c:276:6:StartMotionTask	32	static
../Core/Src/main.c:306:6:HAL_GPIO_EXTI_Callback	16	static
../Core/Src/main.c:323:5:main	24	static
../Core/Src/main.c:470:6:SystemClock_Config	88	static
../Core/Src/main.c:532:6:PeriphCommonClock_Config	152	static
../Core/Src/main.c:559:13:MX_ADC1_Init	24	static
../Core/Src/main.c:611:13:MX_ADC3_Init	24	static
../Core/Src/main.c:663:13:MX_CRC_Init	8	static
../Core/Src/main.c:694:13:MX_DFSDM1_Init	8	static
../Core/Src/main.c:732:13:MX_DMA2D_Init	8	static
../Core/Src/main.c:771:13:MX_DSIHOST_DSI_Init	176	static
../Core/Src/main.c:880:13:MX_ETH_Init	8	static
../Core/Src/main.c:929:13:MX_HDMI_CEC_Init	8	static
../Core/Src/main.c:965:13:MX_I2C1_Init	8	static
../Core/Src/main.c:1013:13:MX_I2C4_Init	8	static
../Core/Src/main.c:1061:13:MX_LTDC_Init	64	static
../Core/Src/main.c:1123:13:MX_QUADSPI_Init	8	static
../Core/Src/main.c:1158:13:MX_RTC_Init	72	static
../Core/Src/main.c:1247:13:MX_SAI1_Init	8	static
../Core/Src/main.c:1322:13:MX_SAI2_Init	8	static
../Core/Src/main.c:1356:13:MX_SPDIFRX_Init	8	static
../Core/Src/main.c:1392:13:MX_SPI2_Init	8	static
../Core/Src/main.c:1432:13:MX_TIM1_Init	40	static
../Core/Src/main.c:1479:13:MX_TIM3_Init	48	static
../Core/Src/main.c:1528:13:MX_TIM10_Init	40	static
../Core/Src/main.c:1574:13:MX_TIM11_Init	40	static
../Core/Src/main.c:1620:13:MX_TIM12_Init	40	static
../Core/Src/main.c:1662:13:MX_UART5_Init	8	static
../Core/Src/main.c:1697:13:MX_USART1_UART_Init	8	static
../Core/Src/main.c:1732:13:MX_USART6_UART_Init	8	static
../Core/Src/main.c:1767:13:MX_USB_OTG_HS_PCD_Init	8	static
../Core/Src/main.c:1799:13:MX_FMC_Init	40	static
../Core/Src/main.c:1850:13:MX_GPIO_Init	80	static
../Core/Src/main.c:1987:6:StartDefaultTask	16	static
../Core/Src/main.c:2006:6:HAL_TIM_PeriodElapsedCallback	16	static
../Core/Src/main.c:2023:6:Error_Handler	4	static,ignoring_inline_asm
